This is pdfTeX, Version 3.141592653-2.6-1.40.27 (TeX Live 2025) (preloaded format=pdflatex)
 restricted \write18 enabled.
entering extended mode
(./src/main.tex
LaTeX2e <2024-11-01> patch level 2
L3 programming layer <2025-01-18>
(/usr/local/texlive/2025/texmf-dist/tex/latex/base/article.cls
Document Class: article 2024/06/29 v1.4n Standard LaTeX document class
(/usr/local/texlive/2025/texmf-dist/tex/latex/base/size12.clo))
(/usr/local/texlive/2025/texmf-dist/tex/latex/base/inputenc.sty)
(/usr/local/texlive/2025/texmf-dist/tex/latex/base/fontenc.sty
(/usr/local/texlive/2025/texmf-dist/tex/latex/vntex/t5enc.def
(/usr/local/texlive/2025/texmf-dist/tex/latex/vntex/t5enc.dfu))
(/usr/local/texlive/2025/texmf-dist/tex/latex/vntex/t5cmr.fd))
(/usr/local/texlive/2025/texmf-dist/tex/generic/babel/babel.sty
(/usr/local/texlive/2025/texmf-dist/tex/generic/babel/txtbabel.def)
(/usr/local/texlive/2025/texmf-dist/tex/generic/babel-vietnamese/vietnamese.ldf
Loading definitions for the Vietnamese font encoding
(/usr/local/texlive/2025/texmf-dist/tex/latex/vntex/t5enc.def)))
(/usr/local/texlive/2025/texmf-dist/tex/generic/babel/locale/vi/babel-vietnames
e.tex) (/usr/local/texlive/2025/texmf-dist/tex/latex/geometry/geometry.sty
(/usr/local/texlive/2025/texmf-dist/tex/latex/graphics/keyval.sty)
(/usr/local/texlive/2025/texmf-dist/tex/generic/iftex/ifvtex.sty
(/usr/local/texlive/2025/texmf-dist/tex/generic/iftex/iftex.sty)))
(/usr/local/texlive/2025/texmf-dist/tex/latex/setspace/setspace.sty)
(/usr/local/texlive/2025/texmf-dist/tex/latex/titlesec/titlesec.sty)
(/usr/local/texlive/2025/texmf-dist/tex/latex/tocloft/tocloft.sty)
(/usr/local/texlive/2025/texmf-dist/tex/latex/caption/caption.sty
(/usr/local/texlive/2025/texmf-dist/tex/latex/caption/caption3.sty))
(/usr/local/texlive/2025/texmf-dist/tex/latex/caption/subcaption.sty)
(/usr/local/texlive/2025/texmf-dist/tex/latex/ragged2e/ragged2e.sty)
(/usr/local/texlive/2025/texmf-dist/tex/latex/booktabs/booktabs.sty)
(/usr/local/texlive/2025/texmf-dist/tex/latex/enumitem/enumitem.sty)
(/usr/local/texlive/2025/texmf-dist/tex/latex/microtype/microtype.sty
(/usr/local/texlive/2025/texmf-dist/tex/latex/etoolbox/etoolbox.sty)
(/usr/local/texlive/2025/texmf-dist/tex/latex/microtype/microtype-pdftex.def)
(/usr/local/texlive/2025/texmf-dist/tex/latex/microtype/microtype.cfg))
(/usr/local/texlive/2025/texmf-dist/tex/latex/psnfss/pifont.sty
(/usr/local/texlive/2025/texmf-dist/tex/latex/psnfss/upzd.fd)
(/usr/local/texlive/2025/texmf-dist/tex/latex/psnfss/upsy.fd))
(/usr/local/texlive/2025/texmf-dist/tex/latex/float/float.sty)
(/usr/local/texlive/2025/texmf-dist/tex/latex/tools/tabularx.sty
(/usr/local/texlive/2025/texmf-dist/tex/latex/tools/array.sty))
(/usr/local/texlive/2025/texmf-dist/tex/latex/tools/longtable.sty)
(/usr/local/texlive/2025/texmf-dist/tex/latex/graphics/graphicx.sty
(/usr/local/texlive/2025/texmf-dist/tex/latex/graphics/graphics.sty
(/usr/local/texlive/2025/texmf-dist/tex/latex/graphics/trig.sty)
(/usr/local/texlive/2025/texmf-dist/tex/latex/graphics-cfg/graphics.cfg)
(/usr/local/texlive/2025/texmf-dist/tex/latex/graphics-def/pdftex.def)))
(/usr/local/texlive/2025/texmf-dist/tex/latex/amsmath/amsmath.sty
For additional information on amsmath, use the `?' option.
(/usr/local/texlive/2025/texmf-dist/tex/latex/amsmath/amstext.sty
(/usr/local/texlive/2025/texmf-dist/tex/latex/amsmath/amsgen.sty))
(/usr/local/texlive/2025/texmf-dist/tex/latex/amsmath/amsbsy.sty)
(/usr/local/texlive/2025/texmf-dist/tex/latex/amsmath/amsopn.sty))
(/usr/local/texlive/2025/texmf-dist/tex/latex/amsfonts/amssymb.sty
(/usr/local/texlive/2025/texmf-dist/tex/latex/amsfonts/amsfonts.sty))
(/usr/local/texlive/2025/texmf-dist/tex/latex/fancyhdr/fancyhdr.sty)
(/usr/local/texlive/2025/texmf-dist/tex/latex/xcolor/xcolor.sty
(/usr/local/texlive/2025/texmf-dist/tex/latex/graphics-cfg/color.cfg)
(/usr/local/texlive/2025/texmf-dist/tex/latex/graphics/mathcolor.ltx))
(/usr/local/texlive/2025/texmf-dist/tex/latex/tcolorbox/tcolorbox.sty
(/usr/local/texlive/2025/texmf-dist/tex/latex/pgf/frontendlayer/tikz.sty
(/usr/local/texlive/2025/texmf-dist/tex/latex/pgf/basiclayer/pgf.sty
(/usr/local/texlive/2025/texmf-dist/tex/latex/pgf/utilities/pgfrcs.sty
(/usr/local/texlive/2025/texmf-dist/tex/generic/pgf/utilities/pgfutil-common.te
x)
(/usr/local/texlive/2025/texmf-dist/tex/generic/pgf/utilities/pgfutil-latex.def
) (/usr/local/texlive/2025/texmf-dist/tex/generic/pgf/utilities/pgfrcs.code.tex
(/usr/local/texlive/2025/texmf-dist/tex/generic/pgf/pgf.revision.tex)))
(/usr/local/texlive/2025/texmf-dist/tex/latex/pgf/basiclayer/pgfcore.sty
(/usr/local/texlive/2025/texmf-dist/tex/latex/pgf/systemlayer/pgfsys.sty
(/usr/local/texlive/2025/texmf-dist/tex/generic/pgf/systemlayer/pgfsys.code.tex
(/usr/local/texlive/2025/texmf-dist/tex/generic/pgf/utilities/pgfkeys.code.tex
(/usr/local/texlive/2025/texmf-dist/tex/generic/pgf/utilities/pgfkeyslibraryfil
tered.code.tex))
(/usr/local/texlive/2025/texmf-dist/tex/generic/pgf/systemlayer/pgf.cfg)
(/usr/local/texlive/2025/texmf-dist/tex/generic/pgf/systemlayer/pgfsys-pdftex.d
ef
(/usr/local/texlive/2025/texmf-dist/tex/generic/pgf/systemlayer/pgfsys-common-p
df.def)))
(/usr/local/texlive/2025/texmf-dist/tex/generic/pgf/systemlayer/pgfsyssoftpath.
code.tex)
(/usr/local/texlive/2025/texmf-dist/tex/generic/pgf/systemlayer/pgfsysprotocol.
code.tex))
(/usr/local/texlive/2025/texmf-dist/tex/generic/pgf/basiclayer/pgfcore.code.tex
(/usr/local/texlive/2025/texmf-dist/tex/generic/pgf/math/pgfmath.code.tex
(/usr/local/texlive/2025/texmf-dist/tex/generic/pgf/math/pgfmathutil.code.tex)
(/usr/local/texlive/2025/texmf-dist/tex/generic/pgf/math/pgfmathparser.code.tex
)
(/usr/local/texlive/2025/texmf-dist/tex/generic/pgf/math/pgfmathfunctions.code.
tex)
(/usr/local/texlive/2025/texmf-dist/tex/generic/pgf/math/pgfmathfunctions.basic
.code.tex)
(/usr/local/texlive/2025/texmf-dist/tex/generic/pgf/math/pgfmathfunctions.trigo
nometric.code.tex)
(/usr/local/texlive/2025/texmf-dist/tex/generic/pgf/math/pgfmathfunctions.rando
m.code.tex)
(/usr/local/texlive/2025/texmf-dist/tex/generic/pgf/math/pgfmathfunctions.compa
rison.code.tex)
(/usr/local/texlive/2025/texmf-dist/tex/generic/pgf/math/pgfmathfunctions.base.
code.tex)
(/usr/local/texlive/2025/texmf-dist/tex/generic/pgf/math/pgfmathfunctions.round
.code.tex)
(/usr/local/texlive/2025/texmf-dist/tex/generic/pgf/math/pgfmathfunctions.misc.
code.tex)
(/usr/local/texlive/2025/texmf-dist/tex/generic/pgf/math/pgfmathfunctions.integ
erarithmetics.code.tex)
(/usr/local/texlive/2025/texmf-dist/tex/generic/pgf/math/pgfmathcalc.code.tex)
(/usr/local/texlive/2025/texmf-dist/tex/generic/pgf/math/pgfmathfloat.code.tex)
) (/usr/local/texlive/2025/texmf-dist/tex/generic/pgf/math/pgfint.code.tex)
(/usr/local/texlive/2025/texmf-dist/tex/generic/pgf/basiclayer/pgfcorepoints.co
de.tex)
(/usr/local/texlive/2025/texmf-dist/tex/generic/pgf/basiclayer/pgfcorepathconst
ruct.code.tex)
(/usr/local/texlive/2025/texmf-dist/tex/generic/pgf/basiclayer/pgfcorepathusage
.code.tex)
(/usr/local/texlive/2025/texmf-dist/tex/generic/pgf/basiclayer/pgfcorescopes.co
de.tex)
(/usr/local/texlive/2025/texmf-dist/tex/generic/pgf/basiclayer/pgfcoregraphicst
ate.code.tex)
(/usr/local/texlive/2025/texmf-dist/tex/generic/pgf/basiclayer/pgfcoretransform
ations.code.tex)
(/usr/local/texlive/2025/texmf-dist/tex/generic/pgf/basiclayer/pgfcorequick.cod
e.tex)
(/usr/local/texlive/2025/texmf-dist/tex/generic/pgf/basiclayer/pgfcoreobjects.c
ode.tex)
(/usr/local/texlive/2025/texmf-dist/tex/generic/pgf/basiclayer/pgfcorepathproce
ssing.code.tex)
(/usr/local/texlive/2025/texmf-dist/tex/generic/pgf/basiclayer/pgfcorearrows.co
de.tex)
(/usr/local/texlive/2025/texmf-dist/tex/generic/pgf/basiclayer/pgfcoreshade.cod
e.tex)
(/usr/local/texlive/2025/texmf-dist/tex/generic/pgf/basiclayer/pgfcoreimage.cod
e.tex)
(/usr/local/texlive/2025/texmf-dist/tex/generic/pgf/basiclayer/pgfcoreexternal.
code.tex)
(/usr/local/texlive/2025/texmf-dist/tex/generic/pgf/basiclayer/pgfcorelayers.co
de.tex)
(/usr/local/texlive/2025/texmf-dist/tex/generic/pgf/basiclayer/pgfcoretranspare
ncy.code.tex)
(/usr/local/texlive/2025/texmf-dist/tex/generic/pgf/basiclayer/pgfcorepatterns.
code.tex)
(/usr/local/texlive/2025/texmf-dist/tex/generic/pgf/basiclayer/pgfcorerdf.code.
tex)))
(/usr/local/texlive/2025/texmf-dist/tex/generic/pgf/modules/pgfmoduleshapes.cod
e.tex)
(/usr/local/texlive/2025/texmf-dist/tex/generic/pgf/modules/pgfmoduleplot.code.
tex)
(/usr/local/texlive/2025/texmf-dist/tex/latex/pgf/compatibility/pgfcomp-version
-0-65.sty)
(/usr/local/texlive/2025/texmf-dist/tex/latex/pgf/compatibility/pgfcomp-version
-1-18.sty))
(/usr/local/texlive/2025/texmf-dist/tex/latex/pgf/utilities/pgffor.sty
(/usr/local/texlive/2025/texmf-dist/tex/latex/pgf/utilities/pgfkeys.sty
(/usr/local/texlive/2025/texmf-dist/tex/generic/pgf/utilities/pgfkeys.code.tex)
) (/usr/local/texlive/2025/texmf-dist/tex/latex/pgf/math/pgfmath.sty
(/usr/local/texlive/2025/texmf-dist/tex/generic/pgf/math/pgfmath.code.tex))
(/usr/local/texlive/2025/texmf-dist/tex/generic/pgf/utilities/pgffor.code.tex))

(/usr/local/texlive/2025/texmf-dist/tex/generic/pgf/frontendlayer/tikz/tikz.cod
e.tex
(/usr/local/texlive/2025/texmf-dist/tex/generic/pgf/libraries/pgflibraryplothan
dlers.code.tex)
(/usr/local/texlive/2025/texmf-dist/tex/generic/pgf/modules/pgfmodulematrix.cod
e.tex)
(/usr/local/texlive/2025/texmf-dist/tex/generic/pgf/frontendlayer/tikz/librarie
s/tikzlibrarytopaths.code.tex)))
(/usr/local/texlive/2025/texmf-dist/tex/latex/tools/verbatim.sty)
(/usr/local/texlive/2025/texmf-dist/tex/latex/environ/environ.sty
(/usr/local/texlive/2025/texmf-dist/tex/latex/trimspaces/trimspaces.sty))
(/usr/local/texlive/2025/texmf-dist/tex/latex/tcolorbox/tcbraster.code.tex
Library (tcolorbox): 'tcbraster.code.tex' version '6.4.1'
) (/usr/local/texlive/2025/texmf-dist/tex/latex/tcolorbox/tcbskins.code.tex
Library (tcolorbox): 'tcbskins.code.tex' version '6.4.1'
(/usr/local/texlive/2025/texmf-dist/tex/latex/tikzfill/tikzfill.image.sty
(/usr/local/texlive/2025/texmf-dist/tex/latex/tikzfill/tikzfill-common.sty)
(/usr/local/texlive/2025/texmf-dist/tex/latex/tikzfill/tikzlibraryfill.image.co
de.tex))
(/usr/local/texlive/2025/texmf-dist/tex/latex/tcolorbox/tcbskinsjigsaw.code.tex
Library (tcolorbox): 'tcbskinsjigsaw.code.tex' version '6.4.1'
))
(/usr/local/texlive/2025/texmf-dist/tex/latex/tcolorbox/tcbbreakable.code.tex
Library (tcolorbox): 'tcbbreakable.code.tex' version '6.4.1'
(/usr/local/texlive/2025/texmf-dist/tex/latex/pdfcol/pdfcol.sty
(/usr/local/texlive/2025/texmf-dist/tex/generic/ltxcmds/ltxcmds.sty)
(/usr/local/texlive/2025/texmf-dist/tex/generic/infwarerr/infwarerr.sty)))
(/usr/local/texlive/2025/texmf-dist/tex/latex/tcolorbox/tcbhooks.code.tex
Library (tcolorbox): 'tcbhooks.code.tex' version '6.4.1'
) (/usr/local/texlive/2025/texmf-dist/tex/latex/tcolorbox/tcbtheorems.code.tex
Library (tcolorbox): 'tcbtheorems.code.tex' version '6.4.1'
) (/usr/local/texlive/2025/texmf-dist/tex/latex/tcolorbox/tcbfitting.code.tex
Library (tcolorbox): 'tcbfitting.code.tex' version '6.4.1'
)
(/usr/local/texlive/2025/texmf-dist/tex/latex/tcolorbox/tcblistingsutf8.code.te
x
Library (tcolorbox): 'tcblistingsutf8.code.tex' version '6.4.1'
(/usr/local/texlive/2025/texmf-dist/tex/latex/tcolorbox/tcblistings.code.tex
Library (tcolorbox): 'tcblistings.code.tex' version '6.4.1'
(/usr/local/texlive/2025/texmf-dist/tex/latex/listings/listings.sty
(/usr/local/texlive/2025/texmf-dist/tex/latex/listings/lstpatch.sty)
(/usr/local/texlive/2025/texmf-dist/tex/latex/listings/lstmisc.sty)
(/usr/local/texlive/2025/texmf-dist/tex/latex/listings/listings.cfg))
(/usr/local/texlive/2025/texmf-dist/tex/latex/tcolorbox/tcblistingscore.code.te
x
Library (tcolorbox): 'tcblistingscore.code.tex' version '6.4.1'
(/usr/local/texlive/2025/texmf-dist/tex/latex/tcolorbox/tcbprocessing.code.tex
Library (tcolorbox): 'tcbprocessing.code.tex' version '6.4.1'
))) (/usr/local/texlive/2025/texmf-dist/tex/latex/listingsutf8/listingsutf8.sty
(/usr/local/texlive/2025/texmf-dist/tex/generic/pdftexcmds/pdftexcmds.sty)
(/usr/local/texlive/2025/texmf-dist/tex/generic/stringenc/stringenc.sty
(/usr/local/texlive/2025/texmf-dist/tex/generic/pdfescape/pdfescape.sty))))
(/usr/local/texlive/2025/texmf-dist/tex/latex/tcolorbox/tcbexternal.code.tex
Library (tcolorbox): 'tcbexternal.code.tex' version '6.4.1'
) (/usr/local/texlive/2025/texmf-dist/tex/latex/tcolorbox/tcbmagazine.code.tex
Library (tcolorbox): 'tcbmagazine.code.tex' version '6.4.1'
) (/usr/local/texlive/2025/texmf-dist/tex/latex/tcolorbox/tcbvignette.code.tex
Library (tcolorbox): 'tcbvignette.code.tex' version '6.4.1'

(/usr/local/texlive/2025/texmf-dist/tex/generic/pgf/frontendlayer/tikz/librarie
s/tikzlibraryfadings.code.tex
(/usr/local/texlive/2025/texmf-dist/tex/generic/pgf/libraries/pgflibraryfadings
.code.tex)))
(/usr/local/texlive/2025/texmf-dist/tex/latex/tcolorbox/tcbposter.code.tex
Library (tcolorbox): 'tcbposter.code.tex' version '6.4.1'
))
(/usr/local/texlive/2025/texmf-dist/tex/generic/pgf/frontendlayer/tikz/librarie
s/tikzlibrarycalc.code.tex)
(/usr/local/texlive/2025/texmf-dist/tex/latex/hyperref/hyperref.sty
(/usr/local/texlive/2025/texmf-dist/tex/latex/kvsetkeys/kvsetkeys.sty)
(/usr/local/texlive/2025/texmf-dist/tex/generic/kvdefinekeys/kvdefinekeys.sty)
(/usr/local/texlive/2025/texmf-dist/tex/latex/hycolor/hycolor.sty)
(/usr/local/texlive/2025/texmf-dist/tex/latex/hyperref/nameref.sty
(/usr/local/texlive/2025/texmf-dist/tex/latex/refcount/refcount.sty)
(/usr/local/texlive/2025/texmf-dist/tex/generic/gettitlestring/gettitlestring.s
ty (/usr/local/texlive/2025/texmf-dist/tex/latex/kvoptions/kvoptions.sty)))
(/usr/local/texlive/2025/texmf-dist/tex/latex/hyperref/pd1enc.def)
(/usr/local/texlive/2025/texmf-dist/tex/generic/intcalc/intcalc.sty)
(/usr/local/texlive/2025/texmf-dist/tex/latex/hyperref/puenc.def)
(/usr/local/texlive/2025/texmf-dist/tex/latex/url/url.sty)
(/usr/local/texlive/2025/texmf-dist/tex/generic/bitset/bitset.sty
(/usr/local/texlive/2025/texmf-dist/tex/generic/bigintcalc/bigintcalc.sty))
(/usr/local/texlive/2025/texmf-dist/tex/latex/base/atbegshi-ltx.sty))
(/usr/local/texlive/2025/texmf-dist/tex/latex/hyperref/hpdftex.def
(/usr/local/texlive/2025/texmf-dist/tex/latex/base/atveryend-ltx.sty)
(/usr/local/texlive/2025/texmf-dist/tex/latex/rerunfilecheck/rerunfilecheck.sty

(/usr/local/texlive/2025/texmf-dist/tex/generic/uniquecounter/uniquecounter.sty
)))
(/usr/local/texlive/2025/texmf-dist/tex/latex/l3backend/l3backend-pdftex.def)
No file main.aux.
*geometry* driver: auto-detecting
*geometry* detected driver: pdftex
(/usr/local/texlive/2025/texmf-dist/tex/latex/caption/ltcaption.sty)
(/usr/local/texlive/2025/texmf-dist/tex/latex/microtype/mt-cmr.cfg)
(/usr/local/texlive/2025/texmf-dist/tex/context/base/mkii/supp-pdf.mkii
[Loading MPS to PDF converter (version 2006.09.02).]
) (/usr/local/texlive/2025/texmf-dist/tex/latex/epstopdf-pkg/epstopdf-base.sty
(/usr/local/texlive/2025/texmf-dist/tex/latex/latexconfig/epstopdf-sys.cfg))
(/usr/local/texlive/2025/texmf-dist/tex/latex/amsfonts/umsa.fd)
(/usr/local/texlive/2025/texmf-dist/tex/latex/microtype/mt-msa.cfg)
(/usr/local/texlive/2025/texmf-dist/tex/latex/amsfonts/umsb.fd)
(/usr/local/texlive/2025/texmf-dist/tex/latex/microtype/mt-msb.cfg)
[1{/usr/local/texlive/2025/texmf-var/fonts/map/pdftex/updmap/pdftex.map}]
No file main.toc.


pdfTeX warning (ext4): destination with the same identifier (name{page.1}) has 
been already used, duplicate ignored
<to be read again> 
                   \relax 
l.151 \newpage
               [1]
No file main.lot.

[2]
No file main.lof.

[3]
Underfull \hbox (badness 3039) in paragraph at lines 182--183
[]|\T5/cmr/m/n/12 (+20) JavaScript Object Notation (^^^ành d¤ng dú li»u

[4]
[5{/usr/local/texlive/2025/texmf-dist/fonts/enc/dvips/cm-super/cm-super-ts1.enc
}]
[6]
[7] (/usr/local/texlive/2025/texmf-dist/tex/latex/vntex/t5cmtt.fd)

Package microtype Warning: I cannot find a protrusion list for font
(microtype)                `T5/cmtt/m/n/12'. Switching off
(microtype)                protrusion for this font on input line 285.


LaTeX Warning: File `../images/kien_truc_he_thong.png' not found on input line 
292.


! Package pdftex.def Error: File `../images/kien_truc_he_thong.png' not found: 
using draft setting.

See the pdftex.def package documentation for explanation.
Type  H <return>  for immediate help.
 ...                                              
                                                  
l.292 ...twidth]{../images/kien_truc_he_thong.png}
                                                   % Thay tháº¿ báº±ng tÃªn ...


LaTeX Warning: File `../images/minh_hoa_ar_mon_an.png' not found on input line 
303.


! Package pdftex.def Error: File `../images/minh_hoa_ar_mon_an.png' not found: 
using draft setting.

See the pdftex.def package documentation for explanation.
Type  H <return>  for immediate help.
 ...                                              
                                                  
l.303 ...twidth]{../images/minh_hoa_ar_mon_an.png}
                                                   % Thay tháº¿ báº±ng tÃªn ...


[8]

LaTeX Warning: File `../images/ui_user_dang_nhap_dang_ky.png' not found on inpu
t line 320.


! Package pdftex.def Error: File `../images/ui_user_dang_nhap_dang_ky.png' not 
found: using draft setting.

See the pdftex.def package documentation for explanation.
Type  H <return>  for immediate help.
 ...                                              
                                                  
l.320 ...{../images/ui_user_dang_nhap_dang_ky.png}
                                                   % Thay tháº¿ báº±ng tÃªn ...


[9]

LaTeX Warning: File `../images/ui_user_thuc_don.png' not found on input line 33
5.


! Package pdftex.def Error: File `../images/ui_user_thuc_don.png' not found: us
ing draft setting.

See the pdftex.def package documentation for explanation.
Type  H <return>  for immediate help.
 ...                                              
                                                  
l.335 ...extwidth]{../images/ui_user_thuc_don.png}
                                                   % Thay tháº¿ báº±ng tÃªn ...


LaTeX Warning: File `../images/ui_user_gio_hang_thanh_toan.png' not found on in
put line 341.


! Package pdftex.def Error: File `../images/ui_user_gio_hang_thanh_toan.png' no
t found: using draft setting.

See the pdftex.def package documentation for explanation.
Type  H <return>  for immediate help.
 ...                                              
                                                  
l.341 ..../images/ui_user_gio_hang_thanh_toan.png}
                                                   % Thay tháº¿ báº±ng tÃªn ...


[10]
[11]

LaTeX Warning: File `../images/ui_user_danh_gia_gop_y.png' not found on input l
ine 353.


! Package pdftex.def Error: File `../images/ui_user_danh_gia_gop_y.png' not fou
nd: using draft setting.

See the pdftex.def package documentation for explanation.
Type  H <return>  for immediate help.
 ...                                              
                                                  
l.353 ...th]{../images/ui_user_danh_gia_gop_y.png}
                                                   % Thay tháº¿ báº±ng tÃªn ...


[12]

LaTeX Warning: File `../images/ui_user_cai_dat_tai_khoan.png' not found on inpu
t line 366.


! Package pdftex.def Error: File `../images/ui_user_cai_dat_tai_khoan.png' not 
found: using draft setting.

See the pdftex.def package documentation for explanation.
Type  H <return>  for immediate help.
 ...                                              
                                                  
l.366 ...{../images/ui_user_cai_dat_tai_khoan.png}
                                                   % Thay tháº¿ báº±ng tÃªn ...


[13]

LaTeX Warning: File `../images/ui_admin_quan_ly_thuc_don.png' not found on inpu
t line 382.


! Package pdftex.def Error: File `../images/ui_admin_quan_ly_thuc_don.png' not 
found: using draft setting.

See the pdftex.def package documentation for explanation.
Type  H <return>  for immediate help.
 ...                                              
                                                  
l.382 ...{../images/ui_admin_quan_ly_thuc_don.png}
                                                   % Thay tháº¿ báº±ng tÃªn ...


[14]

LaTeX Warning: File `../images/ui_admin_quan_ly_don_hang.png' not found on inpu
t line 395.


! Package pdftex.def Error: File `../images/ui_admin_quan_ly_don_hang.png' not 
found: using draft setting.

See the pdftex.def package documentation for explanation.
Type  H <return>  for immediate help.
 ...                                              
                                                  
l.395 ...{../images/ui_admin_quan_ly_don_hang.png}
                                                   % Thay tháº¿ báº±ng tÃªn ...


[15]

LaTeX Warning: File `../images/ui_admin_bao_cao_doanh_thu.png' not found on inp
ut line 408.


! Package pdftex.def Error: File `../images/ui_admin_bao_cao_doanh_thu.png' not
 found: using draft setting.

See the pdftex.def package documentation for explanation.
Type  H <return>  for immediate help.
 ...                                              
                                                  
l.408 ...../images/ui_admin_bao_cao_doanh_thu.png}
                                                   % Thay tháº¿ báº±ng tÃªn ...


[16]

LaTeX Warning: File `../images/ui_admin_quan_ly_nguoi_dung.png' not found on in
put line 420.


! Package pdftex.def Error: File `../images/ui_admin_quan_ly_nguoi_dung.png' no
t found: using draft setting.

See the pdftex.def package documentation for explanation.
Type  H <return>  for immediate help.
 ...                                              
                                                  
l.420 ..../images/ui_admin_quan_ly_nguoi_dung.png}
                                                   % Thay tháº¿ báº±ng tÃªn ...


[17]
[18]
[19]
Underfull \hbox (badness 10000) in paragraph at lines 505--505
[]|\T5/cmr/bx/n/12 (+20) Ho¤t ^^_ëng

Underfull \hbox (badness 10000) in paragraph at lines 507--512
\TS1/cmr/m/n/12 (+20) ˆ \T5/cmr/m/n/12 (+20) N·n t£ng

Underfull \hbox (badness 2582) in paragraph at lines 522--525
\TS1/cmr/m/n/12 (+20) ˆ \T5/cmr/m/n/12 (+20) Qu£n lþ h»

Underfull \hbox (badness 2884) in paragraph at lines 532--535
\TS1/cmr/m/n/12 (+20) ˆ \T5/cmr/m/n/12 (+20) Qu£n lþ tü

Underfull \hbox (badness 6978) in paragraph at lines 537--541
\TS1/cmr/m/n/12 (+20) ˆ \T5/cmr/m/n/12 (+20) Email nh­c

[20]
Underfull \hbox (badness 10000) in paragraph at lines 555--555
[]|\T5/cmr/bx/n/12 (+20) K¶nh ph¥n

Underfull \hbox (badness 1137) in paragraph at lines 555--555
[]|\T5/cmr/bx/n/12 (+20) C§u tróc chi

Underfull \hbox (badness 1009) in paragraph at lines 557--560
\TS1/cmr/m/n/12 (+20) ˆ \T5/cmr/m/n/12 (+20) Hé trñ triºn

Underfull \hbox (badness 10000) in paragraph at lines 570--573
\TS1/cmr/m/n/12 (+20) ˆ \T5/cmr/m/n/12 (+20) C«ng tin

Underfull \hbox (badness 10000) in paragraph at lines 570--573
\TS1/cmr/m/n/12 (+20) ˆ \T5/cmr/m/n/12 (+20) Khu cæng

Underfull \hbox (badness 10000) in paragraph at lines 585--589
\TS1/cmr/m/n/12 (+20) ˆ \T5/cmr/m/n/12 (+20) Ph½

Underfull \hbox (badness 10000) in paragraph at lines 603--603
[]|\T5/cmr/bx/n/12 (+20) Ho¤t ^^_ëng

Underfull \hbox (badness 10000) in paragraph at lines 603--604
[]|\T5/cmr/bx/n/12 (+20) Ph¥n khóc

Underfull \hbox (badness 2591) in paragraph at lines 605--605
[]|\T5/cmr/m/n/12 (+20) ^^^°t mân AR

Underfull \hbox (badness 4403) in paragraph at lines 605--605
[]|\T5/cmr/m/n/12 (+20) Giao di»n tü

Underfull \hbox (badness 1796) in paragraph at lines 607--607
[]|\T5/cmr/m/n/12 (+20) Qu£n lþ thüc

Underfull \hbox (badness 10000) in paragraph at lines 607--607
[]|\T5/cmr/m/n/12 (+20) Qu£n lþ tü

Underfull \hbox (badness 10000) in paragraph at lines 609--610
[]|\T5/cmr/m/n/12 (+20) Khu cæng

Overfull \hbox (6.0949pt too wide) in paragraph at lines 601--612
 [][] 

[21]
Underfull \hbox (badness 10000) in paragraph at lines 622--622
[]|\T5/cmr/m/n/12 (+20) ^^^ëi ngô ph¡t triºn

Underfull \hbox (badness 4072) in paragraph at lines 622--623
[]|\T5/cmr/bx/n/12 (+20) B2B (C«ng tin): \T5/cmr/m/n/12 (+20) Ph½

Underfull \hbox (badness 6808) in paragraph at lines 624--624
[]|\T5/cmr/m/n/12 (+20) Ki¸n thùc chuy¶n mæn

Underfull \hbox (badness 10000) in paragraph at lines 624--625
[]|\T5/cmr/bx/n/12 (+20) B2C (Ng÷íi dòng):

Overfull \hbox (9.54723pt too wide) in paragraph at lines 618--631
 [][] 

[22]
Underfull \hbox (badness 1215) in paragraph at lines 667--667
[]|\T5/cmr/m/n/12 (+20) To n bë thà tr÷íng

[23]
[24]
[25]
Underfull \hbox (badness 10000) in paragraph at lines 764--764
[]|\T5/cmr/bx/n/12 (+20) Smart

Underfull \hbox (badness 10000) in paragraph at lines 764--764
\T5/cmr/bx/n/12 (+20) Canteen

Overfull \hbox (1.18546pt too wide) in paragraph at lines 764--764
[]|\T5/cmr/bx/n/12 (-20) GrabFood| 

Underfull \hbox (badness 10000) in paragraph at lines 764--765
\T5/cmr/bx/n/12 (+20) truy·n

Underfull \hbox (badness 10000) in paragraph at lines 767--767
[]|\T5/cmr/bx/n/12 (+20) Chuy¶n bi»t

[26]
[27]
[28]
[29]
[30]
[31]
[32]
Underfull \hbox (badness 10000) in paragraph at lines 981--981
[]|\T5/cmr/bx/n/12 (+20) Q3-

Underfull \hbox (badness 10000) in paragraph at lines 981--981
[]|\T5/cmr/m/n/12 (+20) 1-2 c«ng tin thû

Underfull \hbox (badness 10000) in paragraph at lines 981--981
[]|\T5/cmr/m/n/12 (+20) Tr÷íng ^^^H

Underfull \hbox (badness 6758) in paragraph at lines 981--981
\T5/cmr/m/n/12 (+20) Khoa håc Tü

Underfull \hbox (badness 10000) in paragraph at lines 982--982
[]|\T5/cmr/bx/n/12 (+20) Q1-

Underfull \hbox (badness 1337) in paragraph at lines 982--982
[]|\T5/cmr/m/n/12 (+20) Mð rëng trong

Underfull \hbox (badness 2359) in paragraph at lines 982--983
[]|\T5/cmr/m/n/12 (+20) C£i thi»n düa tr¶n

Underfull \hbox (badness 10000) in paragraph at lines 983--983
[]|\T5/cmr/bx/n/12 (+20) Q3-

[33]
Underfull \hbox (badness 10000) in paragraph at lines 1012--1012
[]|\T5/cmr/m/n/12 (+20) Ph¡t triºn

Underfull \hbox (badness 1484) in paragraph at lines 1014--1014
[]|\T5/cmr/m/n/12 (+20) L¶ Quang B£o

Underfull \hbox (badness 10000) in paragraph at lines 1015--1015
[]|\T5/cmr/m/n/12 (+20) Tr¦n Th¡i

[34]
Underfull \hbox (badness 10000) in paragraph at lines 1028--1028
[]|\T5/cmr/bx/n/12 (+20) Th nh

Underfull \hbox (badness 3428) in paragraph at lines 1030--1030
[]|\T5/cmr/m/n/12 (+20) Nghi¶n cùu lþ

Underfull \hbox (badness 10000) in paragraph at lines 1031--1031
[]|\T5/cmr/m/n/12 (+20) Thi¸t k¸ h»

Underfull \hbox (badness 10000) in paragraph at lines 1032--1032
[]|\T5/cmr/m/n/12 (+20) Ph¡t triºn

Underfull \hbox (badness 10000) in paragraph at lines 1033--1033
[]|\T5/cmr/m/n/12 (+20) Ph¡t triºn

Underfull \hbox (badness 10000) in paragraph at lines 1033--1033
[]|\T5/cmr/m/n/12 (+20) S¾ Phó,

Underfull \hbox (badness 2837) in paragraph at lines 1034--1034
[]|\T5/cmr/m/n/12 (+20) Kiºm thû t½ch

Underfull \hbox (badness 10000) in paragraph at lines 1034--1034
\T5/cmr/m/n/12 (+20) Th¡i

Underfull \hbox (badness 3019) in paragraph at lines 1035--1036
[]|\T5/cmr/m/n/12 (+20) Vi¸t b¡o c¡o, chu©n bà

[35]
Underfull \hbox (badness 10000) in paragraph at lines 1062--1062
[]|\T5/cmr/m/n/12 (+20) Decent Work and

Underfull \hbox (badness 5119) in paragraph at lines 1063--1063
[]|\T5/cmr/m/n/12 (+20) Industry, Innovation

Underfull \hbox (badness 10000) in paragraph at lines 1065--1065
[]|\T5/cmr/m/n/12 (+20) Responsible

Underfull \hbox (badness 10000) in paragraph at lines 1065--1065
\T5/cmr/m/n/12 (+20) Consumption and

[36]
Underfull \hbox (badness 3078) in paragraph at lines 1093--1094
[]|\T5/cmr/m/n/12 (+20) Component-based, virtual

Underfull \hbox (badness 4205) in paragraph at lines 1095--1096
[]|\T5/cmr/m/n/12 (+20) Simple deployment, easy

Underfull \hbox (badness 10000) in paragraph at lines 1096--1097
[]|\T5/cmr/m/n/12 (+20) Google-backed, WebXR

Underfull \hbox (badness 10000) in paragraph at lines 1098--1099
[]|\T5/cmr/m/n/12 (+20) Reliable delivery,

Underfull \hbox (badness 10000) in paragraph at lines 1099--1100
[]|\T5/cmr/m/n/12 (+20) Scalable, global CDN,

[37]
Underfull \hbox (badness 10000) in paragraph at lines 1128--1128
[]|\T5/cmr/m/n/12 (+20) 65%

[38]
Underfull \hbox (badness 3364) in paragraph at lines 1156--1156
[]|\T5/cmr/m/n/12 (+20) AR food viewing, Basic

Underfull \hbox (badness 10000) in paragraph at lines 1156--1157
[]|\T5/cmr/m/n/12 (+20) Mobile app, Push

Underfull \hbox (badness 10000) in paragraph at lines 1157--1157
[]|\T5/cmr/m/n/12 (+20) AI recommendations,

Underfull \hbox (badness 10000) in paragraph at lines 1158--1158
[]|\T5/cmr/m/n/12 (+20) Blockchain payments,

[39]
[40]
Underfull \hbox (badness 10000) in paragraph at lines 1211--1211
[]|\T5/cmr/m/n/12 (+20) Ph¡t triºn backend v 

[41]
Underfull \hbox (badness 1796) in paragraph at lines 1255--1255
[]|\T5/cmr/m/n/12 (+20) Ng­n h¤n (3-6

Underfull \hbox (badness 10000) in paragraph at lines 1257--1257
[]|\T5/cmr/m/n/12 (+20) D i h¤n (1-2

[42]
Overfull \hbox (16.7046pt too wide) in paragraph at lines 1266--1278
 [][] 

Underfull \hbox (badness 10000) in paragraph at lines 1315--1315
[]|\T5/cmr/bx/n/12 (+20) L¶ Quang B£o

[43]
Overfull \vbox (46.45813pt too high) has occurred while \output is active
[44]
Underfull \hbox (badness 10000) in paragraph at lines 1335--1336


[45] (./main.aux)

LaTeX Warning: Label(s) may have changed. Rerun to get cross-references right.


Package rerunfilecheck Warning: File `main.out' has changed.
(rerunfilecheck)                Rerun to get outlines right
(rerunfilecheck)                or use package `bookmark'.

 )
(see the transcript file for additional information)</usr/local/texlive/2025/te
xmf-dist/fonts/type1/public/cm-super/sfrm1095.pfb></usr/local/texlive/2025/texm
f-dist/fonts/type1/public/cm-super/sfrm1200.pfb></usr/local/texlive/2025/texmf-
dist/fonts/type1/vntex/vnr/vnbx10.pfb></usr/local/texlive/2025/texmf-dist/fonts
/type1/vntex/vnr/vnbx12.pfb></usr/local/texlive/2025/texmf-dist/fonts/type1/vnt
ex/vnr/vnr10.pfb></usr/local/texlive/2025/texmf-dist/fonts/type1/vntex/vnr/vnr1
2.pfb></usr/local/texlive/2025/texmf-dist/fonts/type1/vntex/vnr/vnti12.pfb></us
r/local/texlive/2025/texmf-dist/fonts/type1/vntex/vnr/vntt12.pfb>
Output written on main.pdf (46 pages, 214224 bytes).
Transcript written on main.log.
